// Jest Snapshot v1, https://goo.gl/fbAQLP

exports[`Subtitle Typography component renders correctly 1`] = `
.c0 {
  color: #CFD8DC;
  font-size: 1.8rem;
  font-weight: 400;
  line-height: 2.5rem;
}

<h3
  className="c0"
>
  Test
</h3>
`;
