// Jest Snapshot v1, https://goo.gl/fbAQLP

exports[`ButtonGroup UI component renders correctly 1`] = `
.c0 {
  display: -webkit-box;
  display: -webkit-flex;
  display: -ms-flexbox;
  display: flex;
}

.c0 .sc-AxirZ {
  margin-right: 2rem;
}

<div
  className="c0"
>
  Test
</div>
`;
