// Jest Snapshot v1, https://goo.gl/fbAQLP

exports[`Body Typography component renders correctly 1`] = `
.c0 {
  font-size: 1.8rem;
  font-weight: 400;
  line-height: 2.5rem;
}

<p
  className="c0"
>
  Test
</p>
`;
