// Jest Snapshot v1, https://goo.gl/fbAQLP

exports[`Button UI component renders correctly 1`] = `
.c0 {
  position: relative;
}

.c1 {
  color: #f9f9f9;
  font-size: 2rem;
  cursor: pointer;
  width: 18rem;
  height: 6rem;
  border-radius: 20rem;
  background: #BA68C8;
  border: none;
  -webkit-filter: drop-shadow(0.6rem 0.6rem 0.6rem rgba(0,0,0,0.25));
  filter: drop-shadow(0.6rem 0.6rem 0.6rem rgba(0,0,0,0.25));
  padding-left: 0;
}

<div
  className="c0"
>
  <button
    className="c1"
    color="primary"
  >
    Test
  </button>
</div>
`;
