// Jest Snapshot v1, https://goo.gl/fbAQLP

exports[`Header Typography component renders correctly 1`] = `
.c0 {
  font-size: 4.2rem;
  font-weight: 600;
  text-shadow: 0 0.4rem 0.4rem rgba(0,0,0,0.25);
  line-height: 5.7rem;
  -webkit-letter-spacing: 0.1em;
  -moz-letter-spacing: 0.1em;
  -ms-letter-spacing: 0.1em;
  letter-spacing: 0.1em;
}

<h1
  className="c0"
>
  Test
</h1>
`;
